
===========================================================================
report_checks -unconstrained
===========================================================================
======================= nom_typ_1p20V_25C Corner ===================================

Startpoint: rst_n (input port clocked by clk)
Endpoint: _4702_ (recovery check against rising-edge clock clk)
Path Group: asynchronous
Path Type: max

Fanout         Cap        Slew       Delay        Time   Description
---------------------------------------------------------------------------------------------
                                  0.000000    0.000000   clock clk (rise edge)
                                  0.000000    0.000000   clock network delay (propagated)
                                 20.000000   20.000000 ^ input external delay
     1    0.004131    0.021276    0.003425   20.003426 ^ rst_n (in)
                                                         rst_n (net)
                      0.021276    0.000000   20.003426 ^ input4/A (sg13g2_buf_1)
     2    0.047824    0.199918    0.180831   20.184258 ^ input4/X (sg13g2_buf_1)
                                                         net4 (net)
                      0.200555    0.009178   20.193436 ^ fanout337/A (sg13g2_buf_1)
     5    0.113050    0.462723    0.416309   20.609743 ^ fanout337/X (sg13g2_buf_1)
                                                         net337 (net)
                      0.464051    0.020307   20.630051 ^ fanout311/A (sg13g2_buf_1)
     8    0.073405    0.303525    0.356930   20.986982 ^ fanout311/X (sg13g2_buf_1)
                                                         net311 (net)
                      0.303726    0.006480   20.993462 ^ fanout310/A (sg13g2_buf_1)
     8    0.076090    0.314609    0.333934   21.327396 ^ fanout310/X (sg13g2_buf_1)
                                                         net310 (net)
                      0.315216    0.011456   21.338852 ^ fanout309/A (sg13g2_buf_1)
     8    0.060971    0.253270    0.300949   21.639799 ^ fanout309/X (sg13g2_buf_1)
                                                         net309 (net)
                      0.253293    0.002002   21.641802 ^ fanout308/A (sg13g2_buf_1)
     8    0.059847    0.248412    0.286434   21.928236 ^ fanout308/X (sg13g2_buf_1)
                                                         net308 (net)
                      0.248505    0.003993   21.932230 ^ _4702_/RESET_B (sg13g2_dfrbpq_1)
                                             21.932230   data arrival time

                                100.000000  100.000000   clock clk (rise edge)
                                  0.000000  100.000000   clock source latency
     1    0.095108    0.102674    0.098005  100.098000 ^ clk (in)
                                                         clk (net)
                      0.131476    0.000000  100.098000 ^ clkbuf_0_clk/A (sg13g2_buf_16)
    16    0.367032    0.109460    0.140631  100.238632 ^ clkbuf_0_clk/X (sg13g2_buf_16)
                                                         clknet_0_clk (net)
                      0.155021    0.056808  100.295441 ^ clkbuf_4_11_0_clk/A (sg13g2_buf_8)
     4    0.066082    0.049356    0.136538  100.431976 ^ clkbuf_4_11_0_clk/X (sg13g2_buf_8)
                                                         clknet_4_11_0_clk (net)
                      0.049415    0.001222  100.433197 ^ clkbuf_leaf_45_clk/A (sg13g2_buf_8)
    12    0.068743    0.046907    0.095582  100.528786 ^ clkbuf_leaf_45_clk/X (sg13g2_buf_8)
                                                         clknet_leaf_45_clk (net)
                      0.047056    0.002089  100.530869 ^ _4702_/CLK (sg13g2_dfrbpq_1)
                                 -0.250000  100.280876   clock uncertainty
                                  0.000000  100.280876   clock reconvergence pessimism
                                 -0.185736  100.095139   library recovery time
                                            100.095139   data required time
---------------------------------------------------------------------------------------------
                                            100.095139   data required time
                                            -21.932230   data arrival time
---------------------------------------------------------------------------------------------
                                             78.162910   slack (MET)


Startpoint: _4604_ (rising edge-triggered flip-flop clocked by clk)
Endpoint: ld0 (output port clocked by clk)
Path Group: clk
Path Type: max

Fanout         Cap        Slew       Delay        Time   Description
---------------------------------------------------------------------------------------------
                                  0.000000    0.000000   clock clk (rise edge)
                                  0.000000    0.000000   clock source latency
     1    0.095108    0.102674    0.098003    0.098003 ^ clk (in)
                                                         clk (net)
                      0.131476    0.000000    0.098003 ^ clkbuf_0_clk/A (sg13g2_buf_16)
    16    0.367032    0.109460    0.140629    0.238633 ^ clkbuf_0_clk/X (sg13g2_buf_16)
                                                         clknet_0_clk (net)
                      0.154995    0.056791    0.295424 ^ clkbuf_4_5_0_clk/A (sg13g2_buf_8)
     4    0.070071    0.051291    0.138359    0.433783 ^ clkbuf_4_5_0_clk/X (sg13g2_buf_8)
                                                         clknet_4_5_0_clk (net)
                      0.052048    0.004877    0.438660 ^ clkbuf_leaf_14_clk/A (sg13g2_buf_8)
    12    0.072979    0.048983    0.099225    0.537885 ^ clkbuf_leaf_14_clk/X (sg13g2_buf_8)
                                                         clknet_leaf_14_clk (net)
                      0.049231    0.002567    0.540452 ^ _4604_/CLK (sg13g2_dfrbpq_1)
     1    0.005937    0.027634    0.181069    0.721521 v _4604_/Q (sg13g2_dfrbpq_1)
                                                         u_core.led_uart_cnt_q[2] (net)
                      0.027634    0.000241    0.721763 v hold1315/A (sg13g2_dlygate4sd3_1)
     3    0.018480    0.086832    0.424199    1.145962 v hold1315/X (sg13g2_dlygate4sd3_1)
                                                         net1314 (net)
                      0.086845    0.001046    1.147008 v _2607_/C (sg13g2_nor4_1)
     3    0.020703    0.390579    0.354152    1.501160 ^ _2607_/Y (sg13g2_nor4_1)
                                                         _1031_ (net)
                      0.390584    0.001208    1.502368 ^ _2609_/D (sg13g2_nand4_1)
     5    0.030132    0.367584    0.421902    1.924270 v _2609_/Y (sg13g2_nand4_1)
                                                         _1033_ (net)
                      0.367586    0.001567    1.925838 v _2611_/D (sg13g2_nor4_1)
     4    0.020011    0.414015    0.415392    2.341229 ^ _2611_/Y (sg13g2_nor4_1)
                                                         _1035_ (net)
                      0.414016    0.000515    2.341744 ^ _2615_/C (sg13g2_nand4_1)
     4    0.022804    0.306638    0.374775    2.716519 v _2615_/Y (sg13g2_nand4_1)
                                                         _1039_ (net)
                      0.306642    0.001583    2.718102 v _2616_/C (sg13g2_or3_1)
     4    0.023163    0.097458    0.271096    2.989198 v _2616_/X (sg13g2_or3_1)
                                                         _1040_ (net)
                      0.097473    0.001226    2.990424 v _2617_/C (sg13g2_nor3_1)
     6    0.032019    0.421555    0.360778    3.351202 ^ _2617_/Y (sg13g2_nor3_1)
                                                         _1041_ (net)
                      0.421558    0.000946    3.352148 ^ _2619_/C (sg13g2_nand3b_1)
     5    0.033553    0.324168    0.385803    3.737951 v _2619_/Y (sg13g2_nand3b_1)
                                                         net11 (net)
                      0.324309    0.003400    3.741350 v output11/A (sg13g2_buf_1)
     1    0.009331    0.046236    0.154623    3.895973 v output11/X (sg13g2_buf_1)
                                                         ld0 (net)
                      0.046238    0.000377    3.896350 v ld0 (out)
                                              3.896350   data arrival time

                                100.000000  100.000000   clock clk (rise edge)
                                  0.000000  100.000000   clock network delay (propagated)
                                 -0.250000   99.750000   clock uncertainty
                                  0.000000   99.750000   clock reconvergence pessimism
                                -20.000000   79.750000   output external delay
                                             79.750000   data required time
---------------------------------------------------------------------------------------------
                                             79.750000   data required time
                                             -3.896350   data arrival time
---------------------------------------------------------------------------------------------
                                             75.853645   slack (MET)




===========================================================================
report_checks --slack_max -0.01
============================================================================
======================= nom_typ_1p20V_25C Corner ===================================

No paths found.


===========================================================================
 report_check_types -max_slew -max_cap -max_fanout -violators
============================================================================
======================= nom_typ_1p20V_25C Corner ===================================

max fanout

Pin                                   Limit Fanout  Slack
---------------------------------------------------------
clkbuf_0_clk/X                            8     16     -8 (VIOLATED)
clkbuf_leaf_40_clk/X                      8     14     -6 (VIOLATED)
clkbuf_leaf_11_clk/X                      8     13     -5 (VIOLATED)
clkbuf_leaf_12_clk/X                      8     13     -5 (VIOLATED)
clkbuf_leaf_13_clk/X                      8     13     -5 (VIOLATED)
clkbuf_leaf_24_clk/X                      8     13     -5 (VIOLATED)
clkbuf_leaf_27_clk/X                      8     13     -5 (VIOLATED)
clkbuf_leaf_28_clk/X                      8     13     -5 (VIOLATED)
clkbuf_leaf_38_clk/X                      8     13     -5 (VIOLATED)
clkbuf_leaf_41_clk/X                      8     13     -5 (VIOLATED)
clkbuf_leaf_44_clk/X                      8     13     -5 (VIOLATED)
clkbuf_leaf_46_clk/X                      8     13     -5 (VIOLATED)
clkbuf_leaf_0_clk/X                       8     12     -4 (VIOLATED)
clkbuf_leaf_10_clk/X                      8     12     -4 (VIOLATED)
clkbuf_leaf_14_clk/X                      8     12     -4 (VIOLATED)
clkbuf_leaf_16_clk/X                      8     12     -4 (VIOLATED)
clkbuf_leaf_18_clk/X                      8     12     -4 (VIOLATED)
clkbuf_leaf_19_clk/X                      8     12     -4 (VIOLATED)
clkbuf_leaf_20_clk/X                      8     12     -4 (VIOLATED)
clkbuf_leaf_22_clk/X                      8     12     -4 (VIOLATED)
clkbuf_leaf_23_clk/X                      8     12     -4 (VIOLATED)
clkbuf_leaf_25_clk/X                      8     12     -4 (VIOLATED)
clkbuf_leaf_26_clk/X                      8     12     -4 (VIOLATED)
clkbuf_leaf_30_clk/X                      8     12     -4 (VIOLATED)
clkbuf_leaf_32_clk/X                      8     12     -4 (VIOLATED)
clkbuf_leaf_33_clk/X                      8     12     -4 (VIOLATED)
clkbuf_leaf_34_clk/X                      8     12     -4 (VIOLATED)
clkbuf_leaf_35_clk/X                      8     12     -4 (VIOLATED)
clkbuf_leaf_36_clk/X                      8     12     -4 (VIOLATED)
clkbuf_leaf_37_clk/X                      8     12     -4 (VIOLATED)
clkbuf_leaf_39_clk/X                      8     12     -4 (VIOLATED)
clkbuf_leaf_43_clk/X                      8     12     -4 (VIOLATED)
clkbuf_leaf_45_clk/X                      8     12     -4 (VIOLATED)
clkbuf_leaf_47_clk/X                      8     12     -4 (VIOLATED)
clkbuf_leaf_4_clk/X                       8     12     -4 (VIOLATED)
clkbuf_leaf_50_clk/X                      8     12     -4 (VIOLATED)
clkbuf_leaf_51_clk/X                      8     12     -4 (VIOLATED)
clkbuf_leaf_52_clk/X                      8     12     -4 (VIOLATED)
clkbuf_leaf_53_clk/X                      8     12     -4 (VIOLATED)
clkbuf_leaf_54_clk/X                      8     12     -4 (VIOLATED)
clkbuf_leaf_55_clk/X                      8     12     -4 (VIOLATED)
clkbuf_leaf_57_clk/X                      8     12     -4 (VIOLATED)
clkbuf_leaf_58_clk/X                      8     12     -4 (VIOLATED)
clkbuf_leaf_5_clk/X                       8     12     -4 (VIOLATED)
clkbuf_leaf_60_clk/X                      8     12     -4 (VIOLATED)
clkbuf_leaf_61_clk/X                      8     12     -4 (VIOLATED)
clkbuf_leaf_6_clk/X                       8     12     -4 (VIOLATED)
clkbuf_leaf_7_clk/X                       8     12     -4 (VIOLATED)
clkbuf_leaf_8_clk/X                       8     12     -4 (VIOLATED)
clkbuf_leaf_15_clk/X                      8     11     -3 (VIOLATED)
clkbuf_leaf_17_clk/X                      8     11     -3 (VIOLATED)
clkbuf_leaf_1_clk/X                       8     11     -3 (VIOLATED)
clkbuf_leaf_21_clk/X                      8     11     -3 (VIOLATED)
clkbuf_leaf_29_clk/X                      8     11     -3 (VIOLATED)
clkbuf_leaf_2_clk/X                       8     11     -3 (VIOLATED)
clkbuf_leaf_31_clk/X                      8     11     -3 (VIOLATED)
clkbuf_leaf_3_clk/X                       8     11     -3 (VIOLATED)
clkbuf_leaf_42_clk/X                      8     11     -3 (VIOLATED)
clkbuf_leaf_49_clk/X                      8     11     -3 (VIOLATED)
clkbuf_leaf_56_clk/X                      8     11     -3 (VIOLATED)
clkbuf_leaf_59_clk/X                      8     11     -3 (VIOLATED)
clkbuf_leaf_63_clk/X                      8     11     -3 (VIOLATED)
clkbuf_leaf_9_clk/X                       8     11     -3 (VIOLATED)
clkbuf_leaf_48_clk/X                      8     10     -2 (VIOLATED)
clkbuf_leaf_62_clk/X                      8     10     -2 (VIOLATED)



===========================================================================
report_parasitic_annotation -report_unannotated
============================================================================
Found 41 unannotated drivers.
 clkload0/X
 clkload1/Y
 clkload10/X
 clkload11/Y
 clkload12/Y
 clkload13/Y
 clkload14/X
 clkload15/Y
 clkload16/Y
 clkload17/Y
 clkload18/Y
 clkload19/Y
 clkload2/Y
 clkload20/Y
 clkload21/Y
 clkload22/Y
 clkload23/X
 clkload24/X
 clkload25/Y
 clkload26/Y
 clkload27/X
 clkload28/X
 clkload29/Y
 clkload3/Y
 clkload30/Y
 clkload31/Y
 clkload32/Y
 clkload33/Y
 clkload34/Y
 clkload35/Y
 clkload36/Y
 clkload37/Y
 clkload38/Y
 clkload39/Y
 clkload4/Y
 clkload40/Y
 clkload5/Y
 clkload6/Y
 clkload7/Y
 clkload8/Y
 clkload9/Y
Found 0 partially unannotated drivers.

===========================================================================
max slew violation count 0
Writing metric design__max_slew_violation__count__corner:nom_typ_1p20V_25C: 0
max fanout violation count 65
Writing metric design__max_fanout_violation__count__corner:nom_typ_1p20V_25C: 65
max cap violation count 0
Writing metric design__max_cap_violation__count__corner:nom_typ_1p20V_25C: 0
============================================================================

===========================================================================
check_setup -verbose -unconstrained_endpoints -multiple_clock -no_clock -no_input_delay -loops -generated_clocks
===========================================================================
