
===========================================================================
 report_power
============================================================================
======================= nom_slow_1p08V_125C Corner ===================================

Group                    Internal    Switching      Leakage        Total
                            Power        Power        Power        Power (Watts)
------------------------------------------------------------------------
Sequential           3.304779e-04 9.931952e-06 1.565864e-06 3.419757e-04  90.1%
Combinational        2.438635e-05 1.225063e-05 1.050396e-06 3.768737e-05   9.9%
Clock                0.000000e+00 0.000000e+00 0.000000e+00 0.000000e+00   0.0%
Macro                0.000000e+00 0.000000e+00 0.000000e+00 0.000000e+00   0.0%
Pad                  0.000000e+00 0.000000e+00 0.000000e+00 0.000000e+00   0.0%
------------------------------------------------------------------------
Total                3.548644e-04 2.218257e-05 2.616262e-06 3.796632e-04 100.0%
                            93.5%         5.8%         0.7%

