
===========================================================================
 report_power
============================================================================
======================= nom_fast_1p32V_m40C Corner ===================================

Group                    Internal    Switching      Leakage        Total
                            Power        Power        Power        Power (Watts)
------------------------------------------------------------------------
Sequential           5.267996e-04 1.694999e-05 7.231442e-07 5.444728e-04  88.8%
Combinational        4.675722e-05 2.095491e-05 7.149910e-07 6.842712e-05  11.2%
Clock                0.000000e+00 0.000000e+00 0.000000e+00 0.000000e+00   0.0%
Macro                0.000000e+00 0.000000e+00 0.000000e+00 0.000000e+00   0.0%
Pad                  0.000000e+00 0.000000e+00 0.000000e+00 0.000000e+00   0.0%
------------------------------------------------------------------------
Total                5.735568e-04 3.790489e-05 1.438122e-06 6.128998e-04 100.0%
                            93.6%         6.2%         0.2%

