
===========================================================================
report_checks -unconstrained
===========================================================================
======================= nom_slow_1p08V_125C Corner ===================================

Startpoint: rst_n (input port clocked by clk)
Endpoint: _4702_ (recovery check against rising-edge clock clk)
Path Group: asynchronous
Path Type: max

Fanout         Cap        Slew       Delay        Time   Description
---------------------------------------------------------------------------------------------
                                  0.000000    0.000000   clock clk (rise edge)
                                  0.000000    0.000000   clock network delay (propagated)
                                 20.000000   20.000000 ^ input external delay
     1    0.002741    0.032414    0.003581   20.003582 ^ rst_n (in)
                                                         rst_n (net)
                      0.032414    0.000000   20.003582 ^ input4/A (sg13g2_buf_1)
     2    0.027856    0.184978    0.201940   20.205521 ^ input4/X (sg13g2_buf_1)
                                                         net4 (net)
                      0.185050    0.003004   20.208525 ^ fanout337/A (sg13g2_buf_1)
     5    0.075998    0.484877    0.472120   20.680645 ^ fanout337/X (sg13g2_buf_1)
                                                         net337 (net)
                      0.485518    0.014571   20.695217 ^ fanout311/A (sg13g2_buf_1)
     8    0.057203    0.366981    0.471475   21.166693 ^ fanout311/X (sg13g2_buf_1)
                                                         net311 (net)
                      0.367241    0.006088   21.172779 ^ fanout310/A (sg13g2_buf_1)
     8    0.062319    0.398230    0.467953   21.640732 ^ fanout310/X (sg13g2_buf_1)
                                                         net310 (net)
                      0.398341    0.005565   21.646297 ^ fanout309/A (sg13g2_buf_1)
     8    0.049451    0.318904    0.420416   22.066713 ^ fanout309/X (sg13g2_buf_1)
                                                         net309 (net)
                      0.319017    0.001064   22.067778 ^ fanout308/A (sg13g2_buf_1)
     8    0.048751    0.314316    0.399778   22.467556 ^ fanout308/X (sg13g2_buf_1)
                                                         net308 (net)
                      0.314550    0.005386   22.472942 ^ _4702_/RESET_B (sg13g2_dfrbpq_1)
                                             22.472942   data arrival time

                                100.000000  100.000000   clock clk (rise edge)
                                  0.000000  100.000000   clock source latency
     1    0.059085    0.115329    0.083006  100.083000 ^ clk (in)
                                                         clk (net)
                      0.118446    0.000000  100.083000 ^ clkbuf_0_clk/A (sg13g2_buf_16)
    16    0.262198    0.124379    0.204658  100.287659 ^ clkbuf_0_clk/X (sg13g2_buf_16)
                                                         clknet_0_clk (net)
                      0.129014    0.018900  100.306564 ^ clkbuf_4_11_0_clk/A (sg13g2_buf_8)
     4    0.054198    0.063412    0.173344  100.479904 ^ clkbuf_4_11_0_clk/X (sg13g2_buf_8)
                                                         clknet_4_11_0_clk (net)
                      0.063416    0.000803  100.480705 ^ clkbuf_leaf_45_clk/A (sg13g2_buf_8)
    12    0.054463    0.061244    0.140837  100.621544 ^ clkbuf_leaf_45_clk/X (sg13g2_buf_8)
                                                         clknet_leaf_45_clk (net)
                      0.061249    0.000647  100.622192 ^ _4702_/CLK (sg13g2_dfrbpq_1)
                                 -0.250000  100.372192   clock uncertainty
                                  0.000000  100.372192   clock reconvergence pessimism
                                 -0.310753  100.061440   library recovery time
                                            100.061440   data required time
---------------------------------------------------------------------------------------------
                                            100.061440   data required time
                                            -22.472942   data arrival time
---------------------------------------------------------------------------------------------
                                             77.588501   slack (MET)


Startpoint: _4604_ (rising edge-triggered flip-flop clocked by clk)
Endpoint: ld0 (output port clocked by clk)
Path Group: clk
Path Type: max

Fanout         Cap        Slew       Delay        Time   Description
---------------------------------------------------------------------------------------------
                                  0.000000    0.000000   clock clk (rise edge)
                                  0.000000    0.000000   clock source latency
     1    0.059085    0.115329    0.083008    0.083008 ^ clk (in)
                                                         clk (net)
                      0.118446    0.000000    0.083008 ^ clkbuf_0_clk/A (sg13g2_buf_16)
    16    0.262198    0.124379    0.204655    0.287663 ^ clkbuf_0_clk/X (sg13g2_buf_16)
                                                         clknet_0_clk (net)
                      0.128807    0.018496    0.306159 ^ clkbuf_4_5_0_clk/A (sg13g2_buf_8)
     4    0.055568    0.064410    0.173809    0.479968 ^ clkbuf_4_5_0_clk/X (sg13g2_buf_8)
                                                         clknet_4_5_0_clk (net)
                      0.064780    0.003549    0.483516 ^ clkbuf_leaf_14_clk/A (sg13g2_buf_8)
    12    0.054580    0.061553    0.140920    0.624436 ^ clkbuf_leaf_14_clk/X (sg13g2_buf_8)
                                                         clknet_leaf_14_clk (net)
                      0.061848    0.003037    0.627474 ^ _4604_/CLK (sg13g2_dfrbpq_1)
     1    0.002094    0.028128    0.269619    0.897092 v _4604_/Q (sg13g2_dfrbpq_1)
                                                         u_core.led_uart_cnt_q[2] (net)
                      0.028128    0.000141    0.897234 v hold1315/A (sg13g2_dlygate4sd3_1)
     3    0.014141    0.114904    0.647566    1.544799 v hold1315/X (sg13g2_dlygate4sd3_1)
                                                         net1314 (net)
                      0.114910    0.000919    1.545718 v _2607_/C (sg13g2_nor4_1)
     3    0.015801    0.483073    0.459854    2.005572 ^ _2607_/Y (sg13g2_nor4_1)
                                                         _1031_ (net)
                      0.483075    0.000850    2.006422 ^ _2609_/D (sg13g2_nand4_1)
     5    0.025387    0.512749    0.611166    2.617588 v _2609_/Y (sg13g2_nand4_1)
                                                         _1033_ (net)
                      0.512751    0.002133    2.619721 v _2611_/D (sg13g2_nor4_1)
     4    0.015304    0.516123    0.540877    3.160598 ^ _2611_/Y (sg13g2_nor4_1)
                                                         _1035_ (net)
                      0.516125    0.000845    3.161443 ^ _2615_/C (sg13g2_nand4_1)
     4    0.018455    0.414427    0.524260    3.685703 v _2615_/Y (sg13g2_nand4_1)
                                                         _1039_ (net)
                      0.414427    0.001252    3.686955 v _2616_/C (sg13g2_or3_1)
     4    0.017336    0.132853    0.391714    4.078669 v _2616_/X (sg13g2_or3_1)
                                                         _1040_ (net)
                      0.132879    0.001771    4.080439 v _2617_/C (sg13g2_nor3_1)
     6    0.027696    0.574491    0.501361    4.581800 ^ _2617_/Y (sg13g2_nor3_1)
                                                         _1041_ (net)
                      0.574497    0.001520    4.583320 ^ _2619_/C (sg13g2_nand3b_1)
     5    0.025998    0.422357    0.546671    5.129991 v _2619_/Y (sg13g2_nand3b_1)
                                                         net11 (net)
                      0.422364    0.002376    5.132367 v output11/A (sg13g2_buf_1)
     1    0.006660    0.060610    0.231302    5.363669 v output11/X (sg13g2_buf_1)
                                                         ld0 (net)
                      0.060615    0.000278    5.363947 v ld0 (out)
                                              5.363947   data arrival time

                                100.000000  100.000000   clock clk (rise edge)
                                  0.000000  100.000000   clock network delay (propagated)
                                 -0.250000   99.750000   clock uncertainty
                                  0.000000   99.750000   clock reconvergence pessimism
                                -20.000000   79.750000   output external delay
                                             79.750000   data required time
---------------------------------------------------------------------------------------------
                                             79.750000   data required time
                                             -5.363947   data arrival time
---------------------------------------------------------------------------------------------
                                             74.386055   slack (MET)




===========================================================================
report_checks --slack_max -0.01
============================================================================
======================= nom_slow_1p08V_125C Corner ===================================

No paths found.


===========================================================================
 report_check_types -max_slew -max_cap -max_fanout -violators
============================================================================
======================= nom_slow_1p08V_125C Corner ===================================

max fanout

Pin                                   Limit Fanout  Slack
---------------------------------------------------------
clkbuf_0_clk/X                            8     16     -8 (VIOLATED)
clkbuf_leaf_40_clk/X                      8     14     -6 (VIOLATED)
clkbuf_leaf_11_clk/X                      8     13     -5 (VIOLATED)
clkbuf_leaf_12_clk/X                      8     13     -5 (VIOLATED)
clkbuf_leaf_13_clk/X                      8     13     -5 (VIOLATED)
clkbuf_leaf_24_clk/X                      8     13     -5 (VIOLATED)
clkbuf_leaf_27_clk/X                      8     13     -5 (VIOLATED)
clkbuf_leaf_28_clk/X                      8     13     -5 (VIOLATED)
clkbuf_leaf_38_clk/X                      8     13     -5 (VIOLATED)
clkbuf_leaf_41_clk/X                      8     13     -5 (VIOLATED)
clkbuf_leaf_44_clk/X                      8     13     -5 (VIOLATED)
clkbuf_leaf_46_clk/X                      8     13     -5 (VIOLATED)
clkbuf_leaf_0_clk/X                       8     12     -4 (VIOLATED)
clkbuf_leaf_10_clk/X                      8     12     -4 (VIOLATED)
clkbuf_leaf_14_clk/X                      8     12     -4 (VIOLATED)
clkbuf_leaf_16_clk/X                      8     12     -4 (VIOLATED)
clkbuf_leaf_18_clk/X                      8     12     -4 (VIOLATED)
clkbuf_leaf_19_clk/X                      8     12     -4 (VIOLATED)
clkbuf_leaf_20_clk/X                      8     12     -4 (VIOLATED)
clkbuf_leaf_22_clk/X                      8     12     -4 (VIOLATED)
clkbuf_leaf_23_clk/X                      8     12     -4 (VIOLATED)
clkbuf_leaf_25_clk/X                      8     12     -4 (VIOLATED)
clkbuf_leaf_26_clk/X                      8     12     -4 (VIOLATED)
clkbuf_leaf_30_clk/X                      8     12     -4 (VIOLATED)
clkbuf_leaf_32_clk/X                      8     12     -4 (VIOLATED)
clkbuf_leaf_33_clk/X                      8     12     -4 (VIOLATED)
clkbuf_leaf_34_clk/X                      8     12     -4 (VIOLATED)
clkbuf_leaf_35_clk/X                      8     12     -4 (VIOLATED)
clkbuf_leaf_36_clk/X                      8     12     -4 (VIOLATED)
clkbuf_leaf_37_clk/X                      8     12     -4 (VIOLATED)
clkbuf_leaf_39_clk/X                      8     12     -4 (VIOLATED)
clkbuf_leaf_43_clk/X                      8     12     -4 (VIOLATED)
clkbuf_leaf_45_clk/X                      8     12     -4 (VIOLATED)
clkbuf_leaf_47_clk/X                      8     12     -4 (VIOLATED)
clkbuf_leaf_4_clk/X                       8     12     -4 (VIOLATED)
clkbuf_leaf_50_clk/X                      8     12     -4 (VIOLATED)
clkbuf_leaf_51_clk/X                      8     12     -4 (VIOLATED)
clkbuf_leaf_52_clk/X                      8     12     -4 (VIOLATED)
clkbuf_leaf_53_clk/X                      8     12     -4 (VIOLATED)
clkbuf_leaf_54_clk/X                      8     12     -4 (VIOLATED)
clkbuf_leaf_55_clk/X                      8     12     -4 (VIOLATED)
clkbuf_leaf_57_clk/X                      8     12     -4 (VIOLATED)
clkbuf_leaf_58_clk/X                      8     12     -4 (VIOLATED)
clkbuf_leaf_5_clk/X                       8     12     -4 (VIOLATED)
clkbuf_leaf_60_clk/X                      8     12     -4 (VIOLATED)
clkbuf_leaf_61_clk/X                      8     12     -4 (VIOLATED)
clkbuf_leaf_6_clk/X                       8     12     -4 (VIOLATED)
clkbuf_leaf_7_clk/X                       8     12     -4 (VIOLATED)
clkbuf_leaf_8_clk/X                       8     12     -4 (VIOLATED)
clkbuf_leaf_15_clk/X                      8     11     -3 (VIOLATED)
clkbuf_leaf_17_clk/X                      8     11     -3 (VIOLATED)
clkbuf_leaf_1_clk/X                       8     11     -3 (VIOLATED)
clkbuf_leaf_21_clk/X                      8     11     -3 (VIOLATED)
clkbuf_leaf_29_clk/X                      8     11     -3 (VIOLATED)
clkbuf_leaf_2_clk/X                       8     11     -3 (VIOLATED)
clkbuf_leaf_31_clk/X                      8     11     -3 (VIOLATED)
clkbuf_leaf_3_clk/X                       8     11     -3 (VIOLATED)
clkbuf_leaf_42_clk/X                      8     11     -3 (VIOLATED)
clkbuf_leaf_49_clk/X                      8     11     -3 (VIOLATED)
clkbuf_leaf_56_clk/X                      8     11     -3 (VIOLATED)
clkbuf_leaf_59_clk/X                      8     11     -3 (VIOLATED)
clkbuf_leaf_63_clk/X                      8     11     -3 (VIOLATED)
clkbuf_leaf_9_clk/X                       8     11     -3 (VIOLATED)
clkbuf_leaf_48_clk/X                      8     10     -2 (VIOLATED)
clkbuf_leaf_62_clk/X                      8     10     -2 (VIOLATED)



===========================================================================
report_parasitic_annotation -report_unannotated
============================================================================
Found 41 unannotated drivers.
 clkload0/X
 clkload1/Y
 clkload10/X
 clkload11/Y
 clkload12/Y
 clkload13/Y
 clkload14/X
 clkload15/Y
 clkload16/Y
 clkload17/Y
 clkload18/Y
 clkload19/Y
 clkload2/Y
 clkload20/Y
 clkload21/Y
 clkload22/Y
 clkload23/X
 clkload24/X
 clkload25/Y
 clkload26/Y
 clkload27/X
 clkload28/X
 clkload29/Y
 clkload3/Y
 clkload30/Y
 clkload31/Y
 clkload32/Y
 clkload33/Y
 clkload34/Y
 clkload35/Y
 clkload36/Y
 clkload37/Y
 clkload38/Y
 clkload39/Y
 clkload4/Y
 clkload40/Y
 clkload5/Y
 clkload6/Y
 clkload7/Y
 clkload8/Y
 clkload9/Y
Found 0 partially unannotated drivers.

===========================================================================
max slew violation count 0
max fanout violation count 65
max cap violation count 0
============================================================================

===========================================================================
check_setup -verbose -unconstrained_endpoints -multiple_clock -no_clock -no_input_delay -loops -generated_clocks
===========================================================================
