
===========================================================================
 report_power
============================================================================
======================= nom_slow_1p08V_125C Corner ===================================

Group                    Internal    Switching      Leakage        Total
                            Power        Power        Power        Power (Watts)
------------------------------------------------------------------------
Sequential           3.362439e-04 4.618510e-06 1.565864e-06 3.424283e-04  61.8%
Combinational        5.617147e-05 4.321989e-05 3.409489e-06 1.028008e-04  18.5%
Clock                5.288722e-05 5.445484e-05 1.966706e-06 1.093088e-04  19.7%
Macro                0.000000e+00 0.000000e+00 0.000000e+00 0.000000e+00   0.0%
Pad                  0.000000e+00 0.000000e+00 0.000000e+00 0.000000e+00   0.0%
------------------------------------------------------------------------
Total                4.453019e-04 1.022932e-04 6.942732e-06 5.545379e-04 100.0%
                            80.3%        18.4%         1.3%

