Clock: clk
Sources: clk 
Generated: no
Virtual: yes
Propagated: no
Period: 100.000000

===========================================================================
report_clock_properties
============================================================================
Clock                   Period          Waveform
----------------------------------------------------
clk                 100.000000    0.000000 50.000000

===========================================================================
report_clock_latency
============================================================================
Clock clk
rise -> rise
    min     max
0.000000 0.000000 source latency
2.008442         network latency _4879_/CLK
        2.374646 network latency _4602_/CLK
---------------
2.008442 2.374646 latency
        0.366204 skew

fall -> fall
    min     max
0.000000 0.000000 source latency
1.393634         network latency _4879_/CLK
        1.719648 network latency _4602_/CLK
---------------
1.393634 1.719648 latency
        0.326015 skew



===========================================================================
report_clock_min_period
============================================================================
clk period_min = 4.82 fmax = 207.37
