
===========================================================================
 report_power
============================================================================
======================= nom_typ_1p20V_25C Corner ===================================

Group                    Internal    Switching      Leakage        Total
                            Power        Power        Power        Power (Watts)
------------------------------------------------------------------------
Sequential           6.888757e-04 1.956424e-05 3.333685e-07 7.087733e-04  92.1%
Combinational        3.873757e-05 2.213158e-05 2.856416e-07 6.115479e-05   7.9%
Clock                0.000000e+00 0.000000e+00 0.000000e+00 0.000000e+00   0.0%
Macro                0.000000e+00 0.000000e+00 0.000000e+00 0.000000e+00   0.0%
Pad                  0.000000e+00 0.000000e+00 0.000000e+00 0.000000e+00   0.0%
------------------------------------------------------------------------
Total                7.276133e-04 4.169582e-05 6.190177e-07 7.699282e-04 100.0%
                            94.5%         5.4%         0.1%
Writing metric power__internal__total: 0.0007276132819242775
Writing metric power__switching__total: 4.1695820982567966e-5
Writing metric power__leakage__total: 6.190176691234228e-7
Writing metric power__total: 0.0007699281559325755

