Clock: clk
Sources: clk 
Generated: no
Virtual: no
Propagated: no
Period: 100.000000

===========================================================================
report_clock_properties
============================================================================
Clock                   Period          Waveform
----------------------------------------------------
clk                 100.000000    0.000000 50.000000

===========================================================================
report_clock_latency
============================================================================
Clock clk
rise -> rise
    min     max
0.000000 0.000000 source latency
1.498451         network latency _4259_/CLK
        1.498451 network latency _4259_/CLK
---------------
1.498451 1.498451 latency
        0.000000 skew

fall -> fall
    min     max
0.000000 0.000000 source latency
1.032429         network latency _4259_/CLK
        1.032429 network latency _4259_/CLK
---------------
1.032429 1.032429 latency
        0.000000 skew



===========================================================================
report_clock_min_period
============================================================================
clk period_min = 3.39 fmax = 294.72
