
===========================================================================
report_checks -unconstrained
===========================================================================
======================= nom_fast_1p32V_m40C Corner ===================================

Startpoint: rst_n (input port clocked by clk)
Endpoint: _4702_ (recovery check against rising-edge clock clk)
Path Group: asynchronous
Path Type: max

Fanout         Cap        Slew       Delay        Time   Description
---------------------------------------------------------------------------------------------
                                  0.000000    0.000000   clock clk (rise edge)
                                  0.000000    0.000000   clock network delay (propagated)
                                 20.000000   20.000000 ^ input external delay
     1    0.003059    0.013730    0.001755   20.001755 ^ rst_n (in)
                                                         rst_n (net)
                      0.013730    0.000000   20.001755 ^ input4/A (sg13g2_buf_1)
     2    0.028493    0.078625    0.084075   20.085831 ^ input4/X (sg13g2_buf_1)
                                                         net4 (net)
                      0.078808    0.003075   20.088905 ^ fanout337/A (sg13g2_buf_1)
     5    0.077588    0.206096    0.185912   20.274817 ^ fanout337/X (sg13g2_buf_1)
                                                         net337 (net)
                      0.207714    0.014778   20.289595 ^ fanout311/A (sg13g2_buf_1)
     8    0.062658    0.167661    0.189608   20.479202 ^ fanout311/X (sg13g2_buf_1)
                                                         net311 (net)
                      0.168053    0.006658   20.485861 ^ fanout310/A (sg13g2_buf_1)
     8    0.068939    0.183700    0.193763   20.679625 ^ fanout310/X (sg13g2_buf_1)
                                                         net310 (net)
                      0.183997    0.006130   20.685755 ^ fanout309/A (sg13g2_buf_1)
     8    0.056071    0.150689    0.175504   20.861258 ^ fanout309/X (sg13g2_buf_1)
                                                         net309 (net)
                      0.150702    0.001206   20.862465 ^ fanout308/A (sg13g2_buf_1)
     8    0.055953    0.150210    0.169109   21.031574 ^ fanout308/X (sg13g2_buf_1)
                                                         net308 (net)
                      0.150590    0.006185   21.037758 ^ _4702_/RESET_B (sg13g2_dfrbpq_1)
                                             21.037758   data arrival time

                                100.000000  100.000000   clock clk (rise edge)
                                  0.000000  100.000000   clock source latency
     1    0.061481    0.050557    0.040600  100.040596 ^ clk (in)
                                                         clk (net)
                      0.058437    0.000000  100.040596 ^ clkbuf_0_clk/A (sg13g2_buf_16)
    16    0.281386    0.057549    0.079496  100.120094 ^ clkbuf_0_clk/X (sg13g2_buf_16)
                                                         clknet_0_clk (net)
                      0.068953    0.019533  100.139626 ^ clkbuf_4_11_0_clk/A (sg13g2_buf_8)
     4    0.058995    0.029263    0.073726  100.213348 ^ clkbuf_4_11_0_clk/X (sg13g2_buf_8)
                                                         clknet_4_11_0_clk (net)
                      0.029314    0.000902  100.214256 ^ clkbuf_leaf_45_clk/A (sg13g2_buf_8)
    12    0.059604    0.027961    0.059124  100.273376 ^ clkbuf_leaf_45_clk/X (sg13g2_buf_8)
                                                         clknet_leaf_45_clk (net)
                      0.027990    0.000711  100.274086 ^ _4702_/CLK (sg13g2_dfrbpq_1)
                                 -0.250000  100.024094   clock uncertainty
                                  0.000000  100.024094   clock reconvergence pessimism
                                 -0.110421   99.913673   library recovery time
                                             99.913673   data required time
---------------------------------------------------------------------------------------------
                                             99.913673   data required time
                                            -21.037758   data arrival time
---------------------------------------------------------------------------------------------
                                             78.875916   slack (MET)


Startpoint: _4604_ (rising edge-triggered flip-flop clocked by clk)
Endpoint: ld0 (output port clocked by clk)
Path Group: clk
Path Type: max

Fanout         Cap        Slew       Delay        Time   Description
---------------------------------------------------------------------------------------------
                                  0.000000    0.000000   clock clk (rise edge)
                                  0.000000    0.000000   clock source latency
     1    0.061481    0.050557    0.040600    0.040600 ^ clk (in)
                                                         clk (net)
                      0.058437    0.000000    0.040600 ^ clkbuf_0_clk/A (sg13g2_buf_16)
    16    0.281386    0.057549    0.079494    0.120094 ^ clkbuf_0_clk/X (sg13g2_buf_16)
                                                         clknet_0_clk (net)
                      0.068508    0.019100    0.139194 ^ clkbuf_4_5_0_clk/A (sg13g2_buf_8)
     4    0.060365    0.029685    0.073590    0.212784 ^ clkbuf_4_5_0_clk/X (sg13g2_buf_8)
                                                         clknet_4_5_0_clk (net)
                      0.030496    0.003841    0.216625 ^ clkbuf_leaf_14_clk/A (sg13g2_buf_8)
    12    0.059721    0.028224    0.058740    0.275365 ^ clkbuf_leaf_14_clk/X (sg13g2_buf_8)
                                                         clknet_leaf_14_clk (net)
                      0.028870    0.003302    0.278667 ^ _4604_/CLK (sg13g2_dfrbpq_1)
     1    0.002274    0.012371    0.111877    0.390544 v _4604_/Q (sg13g2_dfrbpq_1)
                                                         u_core.led_uart_cnt_q[2] (net)
                      0.012371    0.000156    0.390700 v hold1315/A (sg13g2_dlygate4sd3_1)
     3    0.015289    0.052516    0.274239    0.664940 v hold1315/X (sg13g2_dlygate4sd3_1)
                                                         net1314 (net)
                      0.052538    0.000998    0.665937 v _2607_/C (sg13g2_nor4_1)
     3    0.017325    0.214903    0.194200    0.860137 ^ _2607_/Y (sg13g2_nor4_1)
                                                         _1031_ (net)
                      0.214909    0.000943    0.861080 ^ _2609_/D (sg13g2_nand4_1)
     5    0.027343    0.234954    0.250264    1.111344 v _2609_/Y (sg13g2_nand4_1)
                                                         _1033_ (net)
                      0.234987    0.002290    1.113635 v _2611_/D (sg13g2_nor4_1)
     4    0.016980    0.233679    0.230138    1.343772 ^ _2611_/Y (sg13g2_nor4_1)
                                                         _1035_ (net)
                      0.233684    0.000940    1.344713 ^ _2615_/C (sg13g2_nand4_1)
     4    0.020265    0.192893    0.217360    1.562072 v _2615_/Y (sg13g2_nand4_1)
                                                         _1039_ (net)
                      0.192959    0.001376    1.563449 v _2616_/C (sg13g2_or3_1)
     4    0.019040    0.060518    0.158263    1.721711 v _2616_/X (sg13g2_or3_1)
                                                         _1040_ (net)
                      0.060598    0.001944    1.723655 v _2617_/C (sg13g2_nor3_1)
     6    0.030534    0.257430    0.216150    1.939805 ^ _2617_/Y (sg13g2_nor3_1)
                                                         _1041_ (net)
                      0.257446    0.001685    1.941490 ^ _2619_/C (sg13g2_nand3b_1)
     5    0.027874    0.192116    0.217345    2.158835 v _2619_/Y (sg13g2_nand3b_1)
                                                         net11 (net)
                      0.192166    0.002565    2.161400 v output11/A (sg13g2_buf_1)
     1    0.006660    0.025724    0.086156    2.247556 v output11/X (sg13g2_buf_1)
                                                         ld0 (net)
                      0.025729    0.000278    2.247834 v ld0 (out)
                                              2.247834   data arrival time

                                100.000000  100.000000   clock clk (rise edge)
                                  0.000000  100.000000   clock network delay (propagated)
                                 -0.250000   99.750000   clock uncertainty
                                  0.000000   99.750000   clock reconvergence pessimism
                                -20.000000   79.750000   output external delay
                                             79.750000   data required time
---------------------------------------------------------------------------------------------
                                             79.750000   data required time
                                             -2.247834   data arrival time
---------------------------------------------------------------------------------------------
                                             77.502159   slack (MET)




===========================================================================
report_checks --slack_max -0.01
============================================================================
======================= nom_fast_1p32V_m40C Corner ===================================

No paths found.


===========================================================================
 report_check_types -max_slew -max_cap -max_fanout -violators
============================================================================
======================= nom_fast_1p32V_m40C Corner ===================================

max fanout

Pin                                   Limit Fanout  Slack
---------------------------------------------------------
clkbuf_0_clk/X                            8     16     -8 (VIOLATED)
clkbuf_leaf_40_clk/X                      8     14     -6 (VIOLATED)
clkbuf_leaf_11_clk/X                      8     13     -5 (VIOLATED)
clkbuf_leaf_12_clk/X                      8     13     -5 (VIOLATED)
clkbuf_leaf_13_clk/X                      8     13     -5 (VIOLATED)
clkbuf_leaf_24_clk/X                      8     13     -5 (VIOLATED)
clkbuf_leaf_27_clk/X                      8     13     -5 (VIOLATED)
clkbuf_leaf_28_clk/X                      8     13     -5 (VIOLATED)
clkbuf_leaf_38_clk/X                      8     13     -5 (VIOLATED)
clkbuf_leaf_41_clk/X                      8     13     -5 (VIOLATED)
clkbuf_leaf_44_clk/X                      8     13     -5 (VIOLATED)
clkbuf_leaf_46_clk/X                      8     13     -5 (VIOLATED)
clkbuf_leaf_0_clk/X                       8     12     -4 (VIOLATED)
clkbuf_leaf_10_clk/X                      8     12     -4 (VIOLATED)
clkbuf_leaf_14_clk/X                      8     12     -4 (VIOLATED)
clkbuf_leaf_16_clk/X                      8     12     -4 (VIOLATED)
clkbuf_leaf_18_clk/X                      8     12     -4 (VIOLATED)
clkbuf_leaf_19_clk/X                      8     12     -4 (VIOLATED)
clkbuf_leaf_20_clk/X                      8     12     -4 (VIOLATED)
clkbuf_leaf_22_clk/X                      8     12     -4 (VIOLATED)
clkbuf_leaf_23_clk/X                      8     12     -4 (VIOLATED)
clkbuf_leaf_25_clk/X                      8     12     -4 (VIOLATED)
clkbuf_leaf_26_clk/X                      8     12     -4 (VIOLATED)
clkbuf_leaf_30_clk/X                      8     12     -4 (VIOLATED)
clkbuf_leaf_32_clk/X                      8     12     -4 (VIOLATED)
clkbuf_leaf_33_clk/X                      8     12     -4 (VIOLATED)
clkbuf_leaf_34_clk/X                      8     12     -4 (VIOLATED)
clkbuf_leaf_35_clk/X                      8     12     -4 (VIOLATED)
clkbuf_leaf_36_clk/X                      8     12     -4 (VIOLATED)
clkbuf_leaf_37_clk/X                      8     12     -4 (VIOLATED)
clkbuf_leaf_39_clk/X                      8     12     -4 (VIOLATED)
clkbuf_leaf_43_clk/X                      8     12     -4 (VIOLATED)
clkbuf_leaf_45_clk/X                      8     12     -4 (VIOLATED)
clkbuf_leaf_47_clk/X                      8     12     -4 (VIOLATED)
clkbuf_leaf_4_clk/X                       8     12     -4 (VIOLATED)
clkbuf_leaf_50_clk/X                      8     12     -4 (VIOLATED)
clkbuf_leaf_51_clk/X                      8     12     -4 (VIOLATED)
clkbuf_leaf_52_clk/X                      8     12     -4 (VIOLATED)
clkbuf_leaf_53_clk/X                      8     12     -4 (VIOLATED)
clkbuf_leaf_54_clk/X                      8     12     -4 (VIOLATED)
clkbuf_leaf_55_clk/X                      8     12     -4 (VIOLATED)
clkbuf_leaf_57_clk/X                      8     12     -4 (VIOLATED)
clkbuf_leaf_58_clk/X                      8     12     -4 (VIOLATED)
clkbuf_leaf_5_clk/X                       8     12     -4 (VIOLATED)
clkbuf_leaf_60_clk/X                      8     12     -4 (VIOLATED)
clkbuf_leaf_61_clk/X                      8     12     -4 (VIOLATED)
clkbuf_leaf_6_clk/X                       8     12     -4 (VIOLATED)
clkbuf_leaf_7_clk/X                       8     12     -4 (VIOLATED)
clkbuf_leaf_8_clk/X                       8     12     -4 (VIOLATED)
clkbuf_leaf_15_clk/X                      8     11     -3 (VIOLATED)
clkbuf_leaf_17_clk/X                      8     11     -3 (VIOLATED)
clkbuf_leaf_1_clk/X                       8     11     -3 (VIOLATED)
clkbuf_leaf_21_clk/X                      8     11     -3 (VIOLATED)
clkbuf_leaf_29_clk/X                      8     11     -3 (VIOLATED)
clkbuf_leaf_2_clk/X                       8     11     -3 (VIOLATED)
clkbuf_leaf_31_clk/X                      8     11     -3 (VIOLATED)
clkbuf_leaf_3_clk/X                       8     11     -3 (VIOLATED)
clkbuf_leaf_42_clk/X                      8     11     -3 (VIOLATED)
clkbuf_leaf_49_clk/X                      8     11     -3 (VIOLATED)
clkbuf_leaf_56_clk/X                      8     11     -3 (VIOLATED)
clkbuf_leaf_59_clk/X                      8     11     -3 (VIOLATED)
clkbuf_leaf_63_clk/X                      8     11     -3 (VIOLATED)
clkbuf_leaf_9_clk/X                       8     11     -3 (VIOLATED)
clkbuf_leaf_48_clk/X                      8     10     -2 (VIOLATED)
clkbuf_leaf_62_clk/X                      8     10     -2 (VIOLATED)



===========================================================================
report_parasitic_annotation -report_unannotated
============================================================================
Found 41 unannotated drivers.
 clkload0/X
 clkload1/Y
 clkload10/X
 clkload11/Y
 clkload12/Y
 clkload13/Y
 clkload14/X
 clkload15/Y
 clkload16/Y
 clkload17/Y
 clkload18/Y
 clkload19/Y
 clkload2/Y
 clkload20/Y
 clkload21/Y
 clkload22/Y
 clkload23/X
 clkload24/X
 clkload25/Y
 clkload26/Y
 clkload27/X
 clkload28/X
 clkload29/Y
 clkload3/Y
 clkload30/Y
 clkload31/Y
 clkload32/Y
 clkload33/Y
 clkload34/Y
 clkload35/Y
 clkload36/Y
 clkload37/Y
 clkload38/Y
 clkload39/Y
 clkload4/Y
 clkload40/Y
 clkload5/Y
 clkload6/Y
 clkload7/Y
 clkload8/Y
 clkload9/Y
Found 0 partially unannotated drivers.

===========================================================================
max slew violation count 0
max fanout violation count 65
max cap violation count 0
============================================================================

===========================================================================
check_setup -verbose -unconstrained_endpoints -multiple_clock -no_clock -no_input_delay -loops -generated_clocks
===========================================================================
