
===========================================================================
 report_power
============================================================================
======================= nom_fast_1p32V_m40C Corner ===================================

Group                    Internal    Switching      Leakage        Total
                            Power        Power        Power        Power (Watts)
------------------------------------------------------------------------
Sequential           5.114606e-04 7.427996e-06 7.231442e-07 5.196118e-04  59.0%
Combinational        8.972866e-05 6.970047e-05 1.892751e-06 1.613219e-04  18.3%
Clock                8.578781e-05 8.859939e-05 2.467584e-05 1.990630e-04  22.6%
Macro                0.000000e+00 0.000000e+00 0.000000e+00 0.000000e+00   0.0%
Pad                  0.000000e+00 0.000000e+00 0.000000e+00 0.000000e+00   0.0%
------------------------------------------------------------------------
Total                6.869768e-04 1.657278e-04 2.729195e-05 8.799966e-04 100.0%
                            78.1%        18.8%         3.1%

